Microsoft Windows [Version 6.3.9600]
(c) 2013 Microsoft Corporation. All rights reserved.

C:\Windows\system32>cd C:\Users\88\Desktop\blog-comments-step4_e

C:\Users\88\Desktop\blog-comments-step4_e>git reset b7dc2d9
Unstaged changes after reset:
M       package.json

C:\Users\88\Desktop\blog-comments-step4_e>git commit
On branch master
Your branch is behind 'origin/master' by 1 commit, and can be fast-forwarded.
  (use "git pull" to update your local branch)

Changes not staged for commit:
  (use "git add <file>..." to update what will be committed)
  (use "git restore <file>..." to discard changes in working directory)
        modified:   package.json

no changes added to commit (use "git add" and/or "git commit -a")

C:\Users\88\Desktop\blog-comments-step4_e>git pull
fatal: unable to access 'https://github.com/bob24170/comment3.git/': Recv failur
e: Connection was reset

C:\Users\88\Desktop\blog-comments-step4_e>
